// Jest Snapshot v1, https://goo.gl/fbAQLP

exports[`<AnalyticsCard /> render() renders the AnalyticsCard component 1`] = `
<ContextConsumer>
  <Component />
</ContextConsumer>
`;
