// Jest Snapshot v1, https://goo.gl/fbAQLP

exports[`<Dashboard /> render() renders the Dashboard component 1`] = `
<ContextConsumer>
  <Component />
</ContextConsumer>
`;
