// Jest Snapshot v1, https://goo.gl/fbAQLP

exports[`<NotFound /> render() renders the not found component 1`] = `
<StyledComponent
  forwardedComponent={
    Object {
      "$$typeof": Symbol(react.forward_ref),
      "attrs": Array [],
      "componentStyle": ComponentStyle {
        "componentId": "sc-bdVaJa",
        "isStatic": true,
        "rules": Array [
          "
  flex: 1 1 100%;
  padding: 30px 0;
  display: flex;
  flex-direction: column;
  align-items: center;
",
        ],
      },
      "displayName": "styled.div",
      "foldedComponentIds": Array [],
      "render": [Function],
      "styledComponentId": "sc-bdVaJa",
      "target": "div",
      "toString": [Function],
      "warnTooManyClasses": [Function],
      "withComponent": [Function],
    }
  }
  forwardedRef={null}
>
  <h1>
    Error 404
  </h1>
  <p>
    The page you are looking for could not be found.
  </p>
</StyledComponent>
`;
