// Jest Snapshot v1, https://goo.gl/fbAQLP

exports[`<PhotoList /> render() renders the PhotoList component 1`] = `
<ContextConsumer>
  <Component />
</ContextConsumer>
`;
