// Jest Snapshot v1, https://goo.gl/fbAQLP

exports[`<RelatedTags /> render() renders the RelatedTags component 1`] = `
<ContextConsumer>
  <Component />
</ContextConsumer>
`;
